2026-01-08 00:45:33.970 xcodebuild[60491:11140231]  DVTFilePathFSEvents: Failed to start fs event stream.
2026-01-08 00:45:34.218 xcodebuild[60491:11140217] [MT] DVTDeveloperPaths: Failed to get length of DARWIN_USER_CACHE_DIR from confstr(3), error = Error Domain=NSPOSIXErrorDomain Code=5 "Input/output error". Using NSCachesDirectory instead.
2026-01-08 00:45:34.530 xcodebuild[60491:11140250] CoreSimulatorService connection became invalid.  Simulator services will no longer be available.
2026-01-08 00:45:34.530 xcodebuild[60491:11140250] Logging connecton invalid: <OS_xpc_error: <dictionary: 0x1fc9f4960> { count = 1, transaction: 0, voucher = 0x0, contents =
	"XPCErrorDescription" => <string: 0x1fc9f4aa8> { string cache = 0x0, length = 18, contents = "Connection invalid" }
}>
2026-01-08 00:45:34.531 xcodebuild[60491:11140250] Error opening log file (/Users/yuting/Library/Logs/CoreSimulator/CoreSimulator.com.apple.dt.xcodebuild.log): Operation not permitted
[-[SimServiceContext sendRequest:]:1743] ERROR : Unable to deliver request ({
    "developer_dir" = "/Applications/Xcode-26.2.0.app/Contents/Developer";
    request = "set_developer_dir";
}) because we are not connected to CoreSimulatorService.
Command line invocation:
    /Applications/Xcode-26.2.0.app/Contents/Developer/usr/bin/xcodebuild test -scheme Force -destination "platform=iOS Simulator,name=iPhone 15,OS=latest"

2026-01-08 00:45:34.581 xcodebuild[60491:11140217] [MT] DVTAssertions: Warning in DVTFrameworks/DVTFoundation/FileTypes/DVTFileDataTypeDetection.m:79
Details:  detectedTypeIdentifier (com.apple.xml-property-list) does not conform to matchedTypeIdentifier in MagicFileDataTypeDetector extenson com.apple.property-list. When both are specified, this conformance is required unless overridden by setting allowNonInheritance. extension.identifier:Xcode.MagicFileDataTypeDetector.XMLPlist
Object:   <DVTFileDataTypeDetectionMagicCache: 0xa842971b0>
Method:   -initWithExtension:
Thread:   <_NSMainThread: 0x10504a3a0>{number = 1, name = main}
Please file a bug at https://feedbackassistant.apple.com with this warning message and any useful information you can provide.
2026-01-08 00:45:34.583 xcodebuild[60491:11140217] [MT] DVTAssertions: Warning in DVTFrameworks/DVTFoundation/FileTypes/DVTFileDataTypeDetection.m:79
Details:  detectedTypeIdentifier (com.apple.binary-property-list) does not conform to matchedTypeIdentifier in MagicFileDataTypeDetector extenson com.apple.property-list. When both are specified, this conformance is required unless overridden by setting allowNonInheritance. extension.identifier:Xcode.MagicFileDataTypeDetector.BinaryPlist
Object:   <DVTFileDataTypeDetectionMagicCache: 0xa84341d70>
Method:   -initWithExtension:
Thread:   <_NSMainThread: 0x10504a3a0>{number = 1, name = main}
Please file a bug at https://feedbackassistant.apple.com with this warning message and any useful information you can provide.
2026-01-08 00:45:34.639 xcodebuild[60491:11140252]  DVTProvisioningProfileManager: Failed to load profile "/Users/yuting/Library/Developer/Xcode/UserData/Provisioning Profiles/1dab0851-4808-4b50-b69e-37b46524a66c.mobileprovision" (Error Domain=DVTProvisioningProfileProviderErrorDomain Code=1 "Failed to load profile." UserInfo={NSLocalizedDescription=Failed to load profile., NSLocalizedRecoverySuggestion=Profile is missing the required UUID property.})
[-[SimServiceContext initWithDeveloperDir:connectionType:error:]:450] WARN  : Unable to discover any Simulator runtimes. Developer Directory is /Applications/Xcode-26.2.0.app/Contents/Developer.
[-[SimDiskImageManager init]:175] ERROR : Could not kickstart simdiskimaged; SimDiskImageManager services will not be available: Error Domain=NSPOSIXErrorDomain Code=53 "Software caused connection abort" UserInfo={NSLocalizedDescription=Error returned in reply from CoreSimulatorService: Connection invalid}
[-[SimServiceContext initWithDeveloperDir:connectionType:error:]_block_invoke:486] ERROR : Could not get list of trusted mount directories: Error Domain=com.apple.CoreSimulator.SimError Code=410 "The service used to manage runtime disk images (simdiskimaged) crashed or is not responding" UserInfo={NSLocalizedDescription=The service used to manage runtime disk images (simdiskimaged) crashed or is not responding}
[-[SimDiskImageManager _onQueue_checkConnection:]:239] ERROR : simdiskimaged returned error (invalid), marking disconnected.
[-[SimDiskImageManager _onQueue_checkConnection:]:239] ERROR : simdiskimaged returned error (invalid), marking disconnected.
[-[SimServiceContext sendRequest:reply:error:]:1763] ERROR : Unable to deliver request ({
    request = "notification_subscription";
    "set_path" = "/Users/yuting/Library/Developer/CoreSimulator/Devices";
}) because we are not connected to CoreSimulatorService.
2026-01-08 00:45:34.656 xcodebuild[60491:11140250] Error Domain=NSPOSIXErrorDomain Code=61 "Connection refused" UserInfo={NSLocalizedDescription=CoreSimulatorService connection became invalid.  Simulator services will no longer be available.}
2026-01-08 00:45:34.658 xcodebuild[60491:11140250]  iOSSimulator: [SimServiceContext defaultDeviceSetWithError:] returned nil (Error Domain=NSPOSIXErrorDomain Code=61 "Connection refused" UserInfo={NSLocalizedFailureReason=Failed to subscribe to notifications from CoreSimulatorService., NSLocalizedDescription=Failed to initialize simulator device set., NSUnderlyingError=0xa83ed07e0 {Error Domain=NSPOSIXErrorDomain Code=61 "Connection refused" UserInfo={NSLocalizedDescription=CoreSimulatorService connection became invalid.  Simulator services will no longer be available.}}}). Simulator device support disabled.
[-[SimServiceContext sendRequest:reply:error:]:1763] ERROR : Unable to deliver request ({
    request = "notification_subscription";
    "set_path" = "/Users/yuting/Library/Developer/CoreSimulator/Devices";
}) because we are not connected to CoreSimulatorService.
2026-01-08 00:45:34.658 xcodebuild[60491:11140231] Error Domain=NSPOSIXErrorDomain Code=61 "Connection refused" UserInfo={NSLocalizedDescription=CoreSimulatorService connection became invalid.  Simulator services will no longer be available.}
2026-01-08 00:45:34.658 xcodebuild[60491:11140231]  IDESimulatorAvailability: startObservingSimulatorUpdates() FAILED to register SimDeviceSet observer
2026-01-08 00:45:34.711 xcodebuild[60491:11140251]  IDELogStore: Unable to remove item at path /Users/yuting/Library/Developer/Xcode/DerivedData/Force-ehyecirqdkseoabwmqkicteesxik/Logs/Launch/Run-Force-2026.01.06_18-29-27--0800.xcresult: Error Domain=NSCocoaErrorDomain Code=513 "“Run-Force-2026.01.06_18-29-27--0800.xcresult” couldn’t be removed because you don’t have permission to access it." UserInfo={NSUserStringVariant=(
    Remove
), NSFilePath=/Users/yuting/Library/Developer/Xcode/DerivedData/Force-ehyecirqdkseoabwmqkicteesxik/Logs/Launch/Run-Force-2026.01.06_18-29-27--0800.xcresult, NSURL=file:///Users/yuting/Library/Developer/Xcode/DerivedData/Force-ehyecirqdkseoabwmqkicteesxik/Logs/Launch/Run-Force-2026.01.06_18-29-27--0800.xcresult, NSUnderlyingError=0xa83ed17a0 {Error Domain=NSPOSIXErrorDomain Code=1 "Operation not permitted"}}
2026-01-08 00:45:34.712 xcodebuild[60491:11140251]  IDELogStore: Unable to remove item at path /Users/yuting/Library/Developer/Xcode/DerivedData/Force-ehyecirqdkseoabwmqkicteesxik/Logs/Launch/Run-Force-2026.01.08_00-02-13--0800.xcresult: Error Domain=NSCocoaErrorDomain Code=513 "“Run-Force-2026.01.08_00-02-13--0800.xcresult” couldn’t be removed because you don’t have permission to access it." UserInfo={NSUserStringVariant=(
    Remove
), NSFilePath=/Users/yuting/Library/Developer/Xcode/DerivedData/Force-ehyecirqdkseoabwmqkicteesxik/Logs/Launch/Run-Force-2026.01.08_00-02-13--0800.xcresult, NSURL=file:///Users/yuting/Library/Developer/Xcode/DerivedData/Force-ehyecirqdkseoabwmqkicteesxik/Logs/Launch/Run-Force-2026.01.08_00-02-13--0800.xcresult, NSUnderlyingError=0xa83ed0330 {Error Domain=NSPOSIXErrorDomain Code=1 "Operation not permitted"}}
2026-01-08 00:45:34.713 xcodebuild[60491:11140251]  IDELogStore: Unable to remove item at path /Users/yuting/Library/Developer/Xcode/DerivedData/Force-ehyecirqdkseoabwmqkicteesxik/Logs/Launch/Run-Force-2026.01.07_23-07-45--0800.xcresult: Error Domain=NSCocoaErrorDomain Code=513 "“Run-Force-2026.01.07_23-07-45--0800.xcresult” couldn’t be removed because you don’t have permission to access it." UserInfo={NSUserStringVariant=(
    Remove
), NSFilePath=/Users/yuting/Library/Developer/Xcode/DerivedData/Force-ehyecirqdkseoabwmqkicteesxik/Logs/Launch/Run-Force-2026.01.07_23-07-45--0800.xcresult, NSURL=file:///Users/yuting/Library/Developer/Xcode/DerivedData/Force-ehyecirqdkseoabwmqkicteesxik/Logs/Launch/Run-Force-2026.01.07_23-07-45--0800.xcresult, NSUnderlyingError=0xa83ed1890 {Error Domain=NSPOSIXErrorDomain Code=1 "Operation not permitted"}}
2026-01-08 00:45:34.713 xcodebuild[60491:11140251]  IDELogStore: Unable to remove item at path /Users/yuting/Library/Developer/Xcode/DerivedData/Force-ehyecirqdkseoabwmqkicteesxik/Logs/Launch/Run-Force-2026.01.07_23-15-11--0800.xcresult: Error Domain=NSCocoaErrorDomain Code=513 "“Run-Force-2026.01.07_23-15-11--0800.xcresult” couldn’t be removed because you don’t have permission to access it." UserInfo={NSUserStringVariant=(
    Remove
), NSFilePath=/Users/yuting/Library/Developer/Xcode/DerivedData/Force-ehyecirqdkseoabwmqkicteesxik/Logs/Launch/Run-Force-2026.01.07_23-15-11--0800.xcresult, NSURL=file:///Users/yuting/Library/Developer/Xcode/DerivedData/Force-ehyecirqdkseoabwmqkicteesxik/Logs/Launch/Run-Force-2026.01.07_23-15-11--0800.xcresult, NSUnderlyingError=0xa83ed1950 {Error Domain=NSPOSIXErrorDomain Code=1 "Operation not permitted"}}
2026-01-08 00:45:34.714 xcodebuild[60491:11140251]  IDELogStore: Unable to remove item at path /Users/yuting/Library/Developer/Xcode/DerivedData/Force-ehyecirqdkseoabwmqkicteesxik/Logs/Launch/Run-Force-2026.01.07_23-51-33--0800.xcresult: Error Domain=NSCocoaErrorDomain Code=513 "“Run-Force-2026.01.07_23-51-33--0800.xcresult” couldn’t be removed because you don’t have permission to access it." UserInfo={NSUserStringVariant=(
    Remove
), NSFilePath=/Users/yuting/Library/Developer/Xcode/DerivedData/Force-ehyecirqdkseoabwmqkicteesxik/Logs/Launch/Run-Force-2026.01.07_23-51-33--0800.xcresult, NSURL=file:///Users/yuting/Library/Developer/Xcode/DerivedData/Force-ehyecirqdkseoabwmqkicteesxik/Logs/Launch/Run-Force-2026.01.07_23-51-33--0800.xcresult, NSUnderlyingError=0xa83ed1a10 {Error Domain=NSPOSIXErrorDomain Code=1 "Operation not permitted"}}
2026-01-08 00:45:34.715 xcodebuild[60491:11140251]  IDELogStore: Unable to remove item at path /Users/yuting/Library/Developer/Xcode/DerivedData/Force-ehyecirqdkseoabwmqkicteesxik/Logs/Launch/Run-Force-2026.01.07_23-56-37--0800.xcresult: Error Domain=NSCocoaErrorDomain Code=513 "“Run-Force-2026.01.07_23-56-37--0800.xcresult” couldn’t be removed because you don’t have permission to access it." UserInfo={NSUserStringVariant=(
    Remove
), NSFilePath=/Users/yuting/Library/Developer/Xcode/DerivedData/Force-ehyecirqdkseoabwmqkicteesxik/Logs/Launch/Run-Force-2026.01.07_23-56-37--0800.xcresult, NSURL=file:///Users/yuting/Library/Developer/Xcode/DerivedData/Force-ehyecirqdkseoabwmqkicteesxik/Logs/Launch/Run-Force-2026.01.07_23-56-37--0800.xcresult, NSUnderlyingError=0xa83ed1ad0 {Error Domain=NSPOSIXErrorDomain Code=1 "Operation not permitted"}}
2026-01-08 00:45:34.716 xcodebuild[60491:11140251]  IDELogStore: Unable to remove item at path /Users/yuting/Library/Developer/Xcode/DerivedData/Force-ehyecirqdkseoabwmqkicteesxik/Logs/Launch/Run-Force-2026.01.07_18-10-33--0800.xcresult: Error Domain=NSCocoaErrorDomain Code=513 "“Run-Force-2026.01.07_18-10-33--0800.xcresult” couldn’t be removed because you don’t have permission to access it." UserInfo={NSUserStringVariant=(
    Remove
), NSFilePath=/Users/yuting/Library/Developer/Xcode/DerivedData/Force-ehyecirqdkseoabwmqkicteesxik/Logs/Launch/Run-Force-2026.01.07_18-10-33--0800.xcresult, NSURL=file:///Users/yuting/Library/Developer/Xcode/DerivedData/Force-ehyecirqdkseoabwmqkicteesxik/Logs/Launch/Run-Force-2026.01.07_18-10-33--0800.xcresult, NSUnderlyingError=0xa83ed1b90 {Error Domain=NSPOSIXErrorDomain Code=1 "Operation not permitted"}}
2026-01-08 00:45:34.717 xcodebuild[60491:11140251]  IDELogStore: Unable to remove item at path /Users/yuting/Library/Developer/Xcode/DerivedData/Force-ehyecirqdkseoabwmqkicteesxik/Logs/Launch/Run-Force-2026.01.08_00-00-13--0800.xcresult: Error Domain=NSCocoaErrorDomain Code=513 "“Run-Force-2026.01.08_00-00-13--0800.xcresult” couldn’t be removed because you don’t have permission to access it." UserInfo={NSUserStringVariant=(
    Remove
), NSFilePath=/Users/yuting/Library/Developer/Xcode/DerivedData/Force-ehyecirqdkseoabwmqkicteesxik/Logs/Launch/Run-Force-2026.01.08_00-00-13--0800.xcresult, NSURL=file:///Users/yuting/Library/Developer/Xcode/DerivedData/Force-ehyecirqdkseoabwmqkicteesxik/Logs/Launch/Run-Force-2026.01.08_00-00-13--0800.xcresult, NSUnderlyingError=0xa83ed1cb0 {Error Domain=NSPOSIXErrorDomain Code=1 "Operation not permitted"}}
2026-01-08 00:45:34.718 xcodebuild[60491:11140251]  IDELogStore: Unable to remove item at path /Users/yuting/Library/Developer/Xcode/DerivedData/Force-ehyecirqdkseoabwmqkicteesxik/Logs/Launch/Run-Force-2026.01.07_02-13-00--0800.xcresult: Error Domain=NSCocoaErrorDomain Code=513 "“Run-Force-2026.01.07_02-13-00--0800.xcresult” couldn’t be removed because you don’t have permission to access it." UserInfo={NSUserStringVariant=(
    Remove
), NSFilePath=/Users/yuting/Library/Developer/Xcode/DerivedData/Force-ehyecirqdkseoabwmqkicteesxik/Logs/Launch/Run-Force-2026.01.07_02-13-00--0800.xcresult, NSURL=file:///Users/yuting/Library/Developer/Xcode/DerivedData/Force-ehyecirqdkseoabwmqkicteesxik/Logs/Launch/Run-Force-2026.01.07_02-13-00--0800.xcresult, NSUnderlyingError=0xa83ed1d10 {Error Domain=NSPOSIXErrorDomain Code=1 "Operation not permitted"}}
2026-01-08 00:45:34.719 xcodebuild[60491:11140251]  IDELogStore: Unable to remove item at path /Users/yuting/Library/Developer/Xcode/DerivedData/Force-ehyecirqdkseoabwmqkicteesxik/Logs/Launch/Run-Force-2026.01.07_22-54-35--0800.xcresult: Error Domain=NSCocoaErrorDomain Code=513 "“Run-Force-2026.01.07_22-54-35--0800.xcresult” couldn’t be removed because you don’t have permission to access it." UserInfo={NSUserStringVariant=(
    Remove
), NSFilePath=/Users/yuting/Library/Developer/Xcode/DerivedData/Force-ehyecirqdkseoabwmqkicteesxik/Logs/Launch/Run-Force-2026.01.07_22-54-35--0800.xcresult, NSURL=file:///Users/yuting/Library/Developer/Xcode/DerivedData/Force-ehyecirqdkseoabwmqkicteesxik/Logs/Launch/Run-Force-2026.01.07_22-54-35--0800.xcresult, NSUnderlyingError=0xa83ed1c50 {Error Domain=NSPOSIXErrorDomain Code=1 "Operation not permitted"}}
2026-01-08 00:45:34.720 xcodebuild[60491:11140251]  IDELogStore: Unable to remove item at path /Users/yuting/Library/Developer/Xcode/DerivedData/Force-ehyecirqdkseoabwmqkicteesxik/Logs/Launch/Run-Force-2026.01.07_23-57-51--0800.xcresult: Error Domain=NSCocoaErrorDomain Code=513 "“Run-Force-2026.01.07_23-57-51--0800.xcresult” couldn’t be removed because you don’t have permission to access it." UserInfo={NSUserStringVariant=(
    Remove
), NSFilePath=/Users/yuting/Library/Developer/Xcode/DerivedData/Force-ehyecirqdkseoabwmqkicteesxik/Logs/Launch/Run-Force-2026.01.07_23-57-51--0800.xcresult, NSURL=file:///Users/yuting/Library/Developer/Xcode/DerivedData/Force-ehyecirqdkseoabwmqkicteesxik/Logs/Launch/Run-Force-2026.01.07_23-57-51--0800.xcresult, NSUnderlyingError=0xa83ed1dd0 {Error Domain=NSPOSIXErrorDomain Code=1 "Operation not permitted"}}
2026-01-08 00:45:34.721 xcodebuild[60491:11140251]  IDELogStore: Unable to remove item at path /Users/yuting/Library/Developer/Xcode/DerivedData/Force-ehyecirqdkseoabwmqkicteesxik/Logs/Launch/Run-Force-2026.01.08_00-10-57--0800.xcresult: Error Domain=NSCocoaErrorDomain Code=513 "“Run-Force-2026.01.08_00-10-57--0800.xcresult” couldn’t be removed because you don’t have permission to access it." UserInfo={NSUserStringVariant=(
    Remove
), NSFilePath=/Users/yuting/Library/Developer/Xcode/DerivedData/Force-ehyecirqdkseoabwmqkicteesxik/Logs/Launch/Run-Force-2026.01.08_00-10-57--0800.xcresult, NSURL=file:///Users/yuting/Library/Developer/Xcode/DerivedData/Force-ehyecirqdkseoabwmqkicteesxik/Logs/Launch/Run-Force-2026.01.08_00-10-57--0800.xcresult, NSUnderlyingError=0xa83ed1e90 {Error Domain=NSPOSIXErrorDomain Code=1 "Operation not permitted"}}
2026-01-08 00:45:34.721 xcodebuild[60491:11140251]  IDELogStore: Unable to remove item at path /Users/yuting/Library/Developer/Xcode/DerivedData/Force-ehyecirqdkseoabwmqkicteesxik/Logs/Launch/Run-Force-2026.01.08_00-08-28--0800.xcresult: Error Domain=NSCocoaErrorDomain Code=513 "“Run-Force-2026.01.08_00-08-28--0800.xcresult” couldn’t be removed because you don’t have permission to access it." UserInfo={NSUserStringVariant=(
    Remove
), NSFilePath=/Users/yuting/Library/Developer/Xcode/DerivedData/Force-ehyecirqdkseoabwmqkicteesxik/Logs/Launch/Run-Force-2026.01.08_00-08-28--0800.xcresult, NSURL=file:///Users/yuting/Library/Developer/Xcode/DerivedData/Force-ehyecirqdkseoabwmqkicteesxik/Logs/Launch/Run-Force-2026.01.08_00-08-28--0800.xcresult, NSUnderlyingError=0xa83ed1f50 {Error Domain=NSPOSIXErrorDomain Code=1 "Operation not permitted"}}
2026-01-08 00:45:34.722 xcodebuild[60491:11140251]  IDELogStore: Unable to remove item at path /Users/yuting/Library/Developer/Xcode/DerivedData/Force-ehyecirqdkseoabwmqkicteesxik/Logs/Launch/Run-Force-2026.01.07_23-04-29--0800.xcresult: Error Domain=NSCocoaErrorDomain Code=513 "“Run-Force-2026.01.07_23-04-29--0800.xcresult” couldn’t be removed because you don’t have permission to access it." UserInfo={NSUserStringVariant=(
    Remove
), NSFilePath=/Users/yuting/Library/Developer/Xcode/DerivedData/Force-ehyecirqdkseoabwmqkicteesxik/Logs/Launch/Run-Force-2026.01.07_23-04-29--0800.xcresult, NSURL=file:///Users/yuting/Library/Developer/Xcode/DerivedData/Force-ehyecirqdkseoabwmqkicteesxik/Logs/Launch/Run-Force-2026.01.07_23-04-29--0800.xcresult, NSUnderlyingError=0xa83ed2010 {Error Domain=NSPOSIXErrorDomain Code=1 "Operation not permitted"}}
2026-01-08 00:45:34.723 xcodebuild[60491:11140251]  IDELogStore: Unable to remove item at path /Users/yuting/Library/Developer/Xcode/DerivedData/Force-ehyecirqdkseoabwmqkicteesxik/Logs/Launch/Run-Force-2026.01.06_18-02-28--0800.xcresult: Error Domain=NSCocoaErrorDomain Code=513 "“Run-Force-2026.01.06_18-02-28--0800.xcresult” couldn’t be removed because you don’t have permission to access it." UserInfo={NSUserStringVariant=(
    Remove
), NSFilePath=/Users/yuting/Library/Developer/Xcode/DerivedData/Force-ehyecirqdkseoabwmqkicteesxik/Logs/Launch/Run-Force-2026.01.06_18-02-28--0800.xcresult, NSURL=file:///Users/yuting/Library/Developer/Xcode/DerivedData/Force-ehyecirqdkseoabwmqkicteesxik/Logs/Launch/Run-Force-2026.01.06_18-02-28--0800.xcresult, NSUnderlyingError=0xa83ed20d0 {Error Domain=NSPOSIXErrorDomain Code=1 "Operation not permitted"}}
2026-01-08 00:45:34.724 xcodebuild[60491:11140251]  IDELogStore: Unable to remove item at path /Users/yuting/Library/Developer/Xcode/DerivedData/Force-ehyecirqdkseoabwmqkicteesxik/Logs/Launch/Run-Force-2026.01.07_23-59-36--0800.xcresult: Error Domain=NSCocoaErrorDomain Code=513 "“Run-Force-2026.01.07_23-59-36--0800.xcresult” couldn’t be removed because you don’t have permission to access it." UserInfo={NSUserStringVariant=(
    Remove
), NSFilePath=/Users/yuting/Library/Developer/Xcode/DerivedData/Force-ehyecirqdkseoabwmqkicteesxik/Logs/Launch/Run-Force-2026.01.07_23-59-36--0800.xcresult, NSURL=file:///Users/yuting/Library/Developer/Xcode/DerivedData/Force-ehyecirqdkseoabwmqkicteesxik/Logs/Launch/Run-Force-2026.01.07_23-59-36--0800.xcresult, NSUnderlyingError=0xa83ed2160 {Error Domain=NSPOSIXErrorDomain Code=1 "Operation not permitted"}}
2026-01-08 00:45:34.726 xcodebuild[60491:11140251]  IDELogStore: Unable to remove item at path /Users/yuting/Library/Developer/Xcode/DerivedData/Force-ehyecirqdkseoabwmqkicteesxik/Logs/Launch/Run-Force-2026.01.06_18-27-21--0800.xcresult: Error Domain=NSCocoaErrorDomain Code=513 "“Run-Force-2026.01.06_18-27-21--0800.xcresult” couldn’t be removed because you don’t have permission to access it." UserInfo={NSUserStringVariant=(
    Remove
), NSFilePath=/Users/yuting/Library/Developer/Xcode/DerivedData/Force-ehyecirqdkseoabwmqkicteesxik/Logs/Launch/Run-Force-2026.01.06_18-27-21--0800.xcresult, NSURL=file:///Users/yuting/Library/Developer/Xcode/DerivedData/Force-ehyecirqdkseoabwmqkicteesxik/Logs/Launch/Run-Force-2026.01.06_18-27-21--0800.xcresult, NSUnderlyingError=0xa83ed22e0 {Error Domain=NSPOSIXErrorDomain Code=1 "Operation not permitted"}}
2026-01-08 00:45:34.727 xcodebuild[60491:11140251]  IDELogStore: Unable to remove item at path /Users/yuting/Library/Developer/Xcode/DerivedData/Force-ehyecirqdkseoabwmqkicteesxik/Logs/Launch/Run-Force-2026.01.06_18-02-06--0800.xcresult: Error Domain=NSCocoaErrorDomain Code=513 "“Run-Force-2026.01.06_18-02-06--0800.xcresult” couldn’t be removed because you don’t have permission to access it." UserInfo={NSUserStringVariant=(
    Remove
), NSFilePath=/Users/yuting/Library/Developer/Xcode/DerivedData/Force-ehyecirqdkseoabwmqkicteesxik/Logs/Launch/Run-Force-2026.01.06_18-02-06--0800.xcresult, NSURL=file:///Users/yuting/Library/Developer/Xcode/DerivedData/Force-ehyecirqdkseoabwmqkicteesxik/Logs/Launch/Run-Force-2026.01.06_18-02-06--0800.xcresult, NSUnderlyingError=0xa83ed2250 {Error Domain=NSPOSIXErrorDomain Code=1 "Operation not permitted"}}
2026-01-08 00:45:34.727 xcodebuild[60491:11140251]  IDELogStore: Unable to remove item at path /Users/yuting/Library/Developer/Xcode/DerivedData/Force-ehyecirqdkseoabwmqkicteesxik/Logs/Launch/Run-Force-2026.01.07_21-07-56--0800.xcresult: Error Domain=NSCocoaErrorDomain Code=513 "“Run-Force-2026.01.07_21-07-56--0800.xcresult” couldn’t be removed because you don’t have permission to access it." UserInfo={NSUserStringVariant=(
    Remove
), NSFilePath=/Users/yuting/Library/Developer/Xcode/DerivedData/Force-ehyecirqdkseoabwmqkicteesxik/Logs/Launch/Run-Force-2026.01.07_21-07-56--0800.xcresult, NSURL=file:///Users/yuting/Library/Developer/Xcode/DerivedData/Force-ehyecirqdkseoabwmqkicteesxik/Logs/Launch/Run-Force-2026.01.07_21-07-56--0800.xcresult, NSUnderlyingError=0xa83ed23a0 {Error Domain=NSPOSIXErrorDomain Code=1 "Operation not permitted"}}
2026-01-08 00:45:34.728 xcodebuild[60491:11140251]  IDELogStore: Unable to remove item at path /Users/yuting/Library/Developer/Xcode/DerivedData/Force-ehyecirqdkseoabwmqkicteesxik/Logs/Launch/Run-Force-2026.01.06_18-23-33--0800.xcresult: Error Domain=NSCocoaErrorDomain Code=513 "“Run-Force-2026.01.06_18-23-33--0800.xcresult” couldn’t be removed because you don’t have permission to access it." UserInfo={NSUserStringVariant=(
    Remove
), NSFilePath=/Users/yuting/Library/Developer/Xcode/DerivedData/Force-ehyecirqdkseoabwmqkicteesxik/Logs/Launch/Run-Force-2026.01.06_18-23-33--0800.xcresult, NSURL=file:///Users/yuting/Library/Developer/Xcode/DerivedData/Force-ehyecirqdkseoabwmqkicteesxik/Logs/Launch/Run-Force-2026.01.06_18-23-33--0800.xcresult, NSUnderlyingError=0xa83ed2460 {Error Domain=NSPOSIXErrorDomain Code=1 "Operation not permitted"}}
2026-01-08 00:45:34.729 xcodebuild[60491:11140251]  IDELogStore: Unable to remove item at path /Users/yuting/Library/Developer/Xcode/DerivedData/Force-ehyecirqdkseoabwmqkicteesxik/Logs/Launch/Run-Force-2026.01.07_02-23-56--0800.xcresult: Error Domain=NSCocoaErrorDomain Code=513 "“Run-Force-2026.01.07_02-23-56--0800.xcresult” couldn’t be removed because you don’t have permission to access it." UserInfo={NSUserStringVariant=(
    Remove
), NSFilePath=/Users/yuting/Library/Developer/Xcode/DerivedData/Force-ehyecirqdkseoabwmqkicteesxik/Logs/Launch/Run-Force-2026.01.07_02-23-56--0800.xcresult, NSURL=file:///Users/yuting/Library/Developer/Xcode/DerivedData/Force-ehyecirqdkseoabwmqkicteesxik/Logs/Launch/Run-Force-2026.01.07_02-23-56--0800.xcresult, NSUnderlyingError=0xa83ed2520 {Error Domain=NSPOSIXErrorDomain Code=1 "Operation not permitted"}}
2026-01-08 00:45:34.730 xcodebuild[60491:11140251]  IDELogStore: Unable to remove item at path /Users/yuting/Library/Developer/Xcode/DerivedData/Force-ehyecirqdkseoabwmqkicteesxik/Logs/Launch/Run-Force-2026.01.06_18-10-54--0800.xcresult: Error Domain=NSCocoaErrorDomain Code=513 "“Run-Force-2026.01.06_18-10-54--0800.xcresult” couldn’t be removed because you don’t have permission to access it." UserInfo={NSUserStringVariant=(
    Remove
), NSFilePath=/Users/yuting/Library/Developer/Xcode/DerivedData/Force-ehyecirqdkseoabwmqkicteesxik/Logs/Launch/Run-Force-2026.01.06_18-10-54--0800.xcresult, NSURL=file:///Users/yuting/Library/Developer/Xcode/DerivedData/Force-ehyecirqdkseoabwmqkicteesxik/Logs/Launch/Run-Force-2026.01.06_18-10-54--0800.xcresult, NSUnderlyingError=0xa83ed25e0 {Error Domain=NSPOSIXErrorDomain Code=1 "Operation not permitted"}}
2026-01-08 00:45:34.731 xcodebuild[60491:11140251]  IDELogStore: Unable to remove item at path /Users/yuting/Library/Developer/Xcode/DerivedData/Force-ehyecirqdkseoabwmqkicteesxik/Logs/Launch/Run-Force-2026.01.06_18-15-53--0800.xcresult: Error Domain=NSCocoaErrorDomain Code=513 "“Run-Force-2026.01.06_18-15-53--0800.xcresult” couldn’t be removed because you don’t have permission to access it." UserInfo={NSUserStringVariant=(
    Remove
), NSFilePath=/Users/yuting/Library/Developer/Xcode/DerivedData/Force-ehyecirqdkseoabwmqkicteesxik/Logs/Launch/Run-Force-2026.01.06_18-15-53--0800.xcresult, NSURL=file:///Users/yuting/Library/Developer/Xcode/DerivedData/Force-ehyecirqdkseoabwmqkicteesxik/Logs/Launch/Run-Force-2026.01.06_18-15-53--0800.xcresult, NSUnderlyingError=0xa83ed26a0 {Error Domain=NSPOSIXErrorDomain Code=1 "Operation not permitted"}}
2026-01-08 00:45:34.731 xcodebuild[60491:11140251]  IDELogStore: Unable to remove item at path /Users/yuting/Library/Developer/Xcode/DerivedData/Force-ehyecirqdkseoabwmqkicteesxik/Logs/Launch/Run-Force-2026.01.07_21-39-05--0800.xcresult: Error Domain=NSCocoaErrorDomain Code=513 "“Run-Force-2026.01.07_21-39-05--0800.xcresult” couldn’t be removed because you don’t have permission to access it." UserInfo={NSUserStringVariant=(
    Remove
), NSFilePath=/Users/yuting/Library/Developer/Xcode/DerivedData/Force-ehyecirqdkseoabwmqkicteesxik/Logs/Launch/Run-Force-2026.01.07_21-39-05--0800.xcresult, NSURL=file:///Users/yuting/Library/Developer/Xcode/DerivedData/Force-ehyecirqdkseoabwmqkicteesxik/Logs/Launch/Run-Force-2026.01.07_21-39-05--0800.xcresult, NSUnderlyingError=0xa83ed2760 {Error Domain=NSPOSIXErrorDomain Code=1 "Operation not permitted"}}
2026-01-08 00:45:34.732 xcodebuild[60491:11140251]  IDELogStore: Unable to remove item at path /Users/yuting/Library/Developer/Xcode/DerivedData/Force-ehyecirqdkseoabwmqkicteesxik/Logs/Launch/Run-Force-2026.01.07_23-46-54--0800.xcresult: Error Domain=NSCocoaErrorDomain Code=513 "“Run-Force-2026.01.07_23-46-54--0800.xcresult” couldn’t be removed because you don’t have permission to access it." UserInfo={NSUserStringVariant=(
    Remove
), NSFilePath=/Users/yuting/Library/Developer/Xcode/DerivedData/Force-ehyecirqdkseoabwmqkicteesxik/Logs/Launch/Run-Force-2026.01.07_23-46-54--0800.xcresult, NSURL=file:///Users/yuting/Library/Developer/Xcode/DerivedData/Force-ehyecirqdkseoabwmqkicteesxik/Logs/Launch/Run-Force-2026.01.07_23-46-54--0800.xcresult, NSUnderlyingError=0xa83ed2820 {Error Domain=NSPOSIXErrorDomain Code=1 "Operation not permitted"}}
2026-01-08 00:45:34.733 xcodebuild[60491:11140251]  IDELogStore: Unable to remove item at path /Users/yuting/Library/Developer/Xcode/DerivedData/Force-ehyecirqdkseoabwmqkicteesxik/Logs/Launch/Run-Force-2026.01.07_02-22-48--0800.xcresult: Error Domain=NSCocoaErrorDomain Code=513 "“Run-Force-2026.01.07_02-22-48--0800.xcresult” couldn’t be removed because you don’t have permission to access it." UserInfo={NSUserStringVariant=(
    Remove
), NSFilePath=/Users/yuting/Library/Developer/Xcode/DerivedData/Force-ehyecirqdkseoabwmqkicteesxik/Logs/Launch/Run-Force-2026.01.07_02-22-48--0800.xcresult, NSURL=file:///Users/yuting/Library/Developer/Xcode/DerivedData/Force-ehyecirqdkseoabwmqkicteesxik/Logs/Launch/Run-Force-2026.01.07_02-22-48--0800.xcresult, NSUnderlyingError=0xa83ed2910 {Error Domain=NSPOSIXErrorDomain Code=1 "Operation not permitted"}}
2026-01-08 00:45:34.734 xcodebuild[60491:11140251]  IDELogStore: Unable to remove item at path /Users/yuting/Library/Developer/Xcode/DerivedData/Force-ehyecirqdkseoabwmqkicteesxik/Logs/Launch/Run-Force-2026.01.06_18-20-57--0800.xcresult: Error Domain=NSCocoaErrorDomain Code=513 "“Run-Force-2026.01.06_18-20-57--0800.xcresult” couldn’t be removed because you don’t have permission to access it." UserInfo={NSUserStringVariant=(
    Remove
), NSFilePath=/Users/yuting/Library/Developer/Xcode/DerivedData/Force-ehyecirqdkseoabwmqkicteesxik/Logs/Launch/Run-Force-2026.01.06_18-20-57--0800.xcresult, NSURL=file:///Users/yuting/Library/Developer/Xcode/DerivedData/Force-ehyecirqdkseoabwmqkicteesxik/Logs/Launch/Run-Force-2026.01.06_18-20-57--0800.xcresult, NSUnderlyingError=0xa83ed2970 {Error Domain=NSPOSIXErrorDomain Code=1 "Operation not permitted"}}
2026-01-08 00:45:34.735 xcodebuild[60491:11140251]  IDELogStore: Unable to remove item at path /Users/yuting/Library/Developer/Xcode/DerivedData/Force-ehyecirqdkseoabwmqkicteesxik/Logs/Launch/Run-Force-2026.01.06_18-30-08--0800.xcresult: Error Domain=NSCocoaErrorDomain Code=513 "“Run-Force-2026.01.06_18-30-08--0800.xcresult” couldn’t be removed because you don’t have permission to access it." UserInfo={NSUserStringVariant=(
    Remove
), NSFilePath=/Users/yuting/Library/Developer/Xcode/DerivedData/Force-ehyecirqdkseoabwmqkicteesxik/Logs/Launch/Run-Force-2026.01.06_18-30-08--0800.xcresult, NSURL=file:///Users/yuting/Library/Developer/Xcode/DerivedData/Force-ehyecirqdkseoabwmqkicteesxik/Logs/Launch/Run-Force-2026.01.06_18-30-08--0800.xcresult, NSUnderlyingError=0xa83ed2a30 {Error Domain=NSPOSIXErrorDomain Code=1 "Operation not permitted"}}
2026-01-08 00:45:34.735 xcodebuild[60491:11140251]  IDELogStore: Unable to remove item at path /Users/yuting/Library/Developer/Xcode/DerivedData/Force-ehyecirqdkseoabwmqkicteesxik/Logs/Launch/Run-Force-2026.01.06_18-09-32--0800.xcresult: Error Domain=NSCocoaErrorDomain Code=513 "“Run-Force-2026.01.06_18-09-32--0800.xcresult” couldn’t be removed because you don’t have permission to access it." UserInfo={NSUserStringVariant=(
    Remove
), NSFilePath=/Users/yuting/Library/Developer/Xcode/DerivedData/Force-ehyecirqdkseoabwmqkicteesxik/Logs/Launch/Run-Force-2026.01.06_18-09-32--0800.xcresult, NSURL=file:///Users/yuting/Library/Developer/Xcode/DerivedData/Force-ehyecirqdkseoabwmqkicteesxik/Logs/Launch/Run-Force-2026.01.06_18-09-32--0800.xcresult, NSUnderlyingError=0xa83ed2af0 {Error Domain=NSPOSIXErrorDomain Code=1 "Operation not permitted"}}
2026-01-08 00:45:34.736 xcodebuild[60491:11140251]  IDELogStore: Unable to remove item at path /Users/yuting/Library/Developer/Xcode/DerivedData/Force-ehyecirqdkseoabwmqkicteesxik/Logs/Launch/Run-Force-2026.01.07_02-23-30--0800.xcresult: Error Domain=NSCocoaErrorDomain Code=513 "“Run-Force-2026.01.07_02-23-30--0800.xcresult” couldn’t be removed because you don’t have permission to access it." UserInfo={NSUserStringVariant=(
    Remove
), NSFilePath=/Users/yuting/Library/Developer/Xcode/DerivedData/Force-ehyecirqdkseoabwmqkicteesxik/Logs/Launch/Run-Force-2026.01.07_02-23-30--0800.xcresult, NSURL=file:///Users/yuting/Library/Developer/Xcode/DerivedData/Force-ehyecirqdkseoabwmqkicteesxik/Logs/Launch/Run-Force-2026.01.07_02-23-30--0800.xcresult, NSUnderlyingError=0xa83ed2bb0 {Error Domain=NSPOSIXErrorDomain Code=1 "Operation not permitted"}}
2026-01-08 00:45:34.737 xcodebuild[60491:11140251]  IDELogStore: Unable to remove item at path /Users/yuting/Library/Developer/Xcode/DerivedData/Force-ehyecirqdkseoabwmqkicteesxik/Logs/Launch/Run-Force-2026.01.06_18-08-34--0800.xcresult: Error Domain=NSCocoaErrorDomain Code=513 "“Run-Force-2026.01.06_18-08-34--0800.xcresult” couldn’t be removed because you don’t have permission to access it." UserInfo={NSUserStringVariant=(
    Remove
), NSFilePath=/Users/yuting/Library/Developer/Xcode/DerivedData/Force-ehyecirqdkseoabwmqkicteesxik/Logs/Launch/Run-Force-2026.01.06_18-08-34--0800.xcresult, NSURL=file:///Users/yuting/Library/Developer/Xcode/DerivedData/Force-ehyecirqdkseoabwmqkicteesxik/Logs/Launch/Run-Force-2026.01.06_18-08-34--0800.xcresult, NSUnderlyingError=0xa83ed2c70 {Error Domain=NSPOSIXErrorDomain Code=1 "Operation not permitted"}}
2026-01-08 00:45:34.737 xcodebuild[60491:11140251]  IDELogStore: Unable to remove item at path /Users/yuting/Library/Developer/Xcode/DerivedData/Force-ehyecirqdkseoabwmqkicteesxik/Logs/Launch/Run-Force-2026.01.07_02-35-08--0800.xcresult: Error Domain=NSCocoaErrorDomain Code=513 "“Run-Force-2026.01.07_02-35-08--0800.xcresult” couldn’t be removed because you don’t have permission to access it." UserInfo={NSUserStringVariant=(
    Remove
), NSFilePath=/Users/yuting/Library/Developer/Xcode/DerivedData/Force-ehyecirqdkseoabwmqkicteesxik/Logs/Launch/Run-Force-2026.01.07_02-35-08--0800.xcresult, NSURL=file:///Users/yuting/Library/Developer/Xcode/DerivedData/Force-ehyecirqdkseoabwmqkicteesxik/Logs/Launch/Run-Force-2026.01.07_02-35-08--0800.xcresult, NSUnderlyingError=0xa83ed2d30 {Error Domain=NSPOSIXErrorDomain Code=1 "Operation not permitted"}}
2026-01-08 00:45:34.738 xcodebuild[60491:11140251]  IDELogStore: Unable to remove item at path /Users/yuting/Library/Developer/Xcode/DerivedData/Force-ehyecirqdkseoabwmqkicteesxik/Logs/Launch/Run-Force-2026.01.07_23-14-47--0800.xcresult: Error Domain=NSCocoaErrorDomain Code=513 "“Run-Force-2026.01.07_23-14-47--0800.xcresult” couldn’t be removed because you don’t have permission to access it." UserInfo={NSUserStringVariant=(
    Remove
), NSFilePath=/Users/yuting/Library/Developer/Xcode/DerivedData/Force-ehyecirqdkseoabwmqkicteesxik/Logs/Launch/Run-Force-2026.01.07_23-14-47--0800.xcresult, NSURL=file:///Users/yuting/Library/Developer/Xcode/DerivedData/Force-ehyecirqdkseoabwmqkicteesxik/Logs/Launch/Run-Force-2026.01.07_23-14-47--0800.xcresult, NSUnderlyingError=0xa83ed2df0 {Error Domain=NSPOSIXErrorDomain Code=1 "Operation not permitted"}}
2026-01-08 00:45:34.739 xcodebuild[60491:11140251]  IDELogStore: Unable to remove item at path /Users/yuting/Library/Developer/Xcode/DerivedData/Force-ehyecirqdkseoabwmqkicteesxik/Logs/Launch/Run-Force-2026.01.06_20-27-39--0800.xcresult: Error Domain=NSCocoaErrorDomain Code=513 "“Run-Force-2026.01.06_20-27-39--0800.xcresult” couldn’t be removed because you don’t have permission to access it." UserInfo={NSUserStringVariant=(
    Remove
), NSFilePath=/Users/yuting/Library/Developer/Xcode/DerivedData/Force-ehyecirqdkseoabwmqkicteesxik/Logs/Launch/Run-Force-2026.01.06_20-27-39--0800.xcresult, NSURL=file:///Users/yuting/Library/Developer/Xcode/DerivedData/Force-ehyecirqdkseoabwmqkicteesxik/Logs/Launch/Run-Force-2026.01.06_20-27-39--0800.xcresult, NSUnderlyingError=0xa83ed2eb0 {Error Domain=NSPOSIXErrorDomain Code=1 "Operation not permitted"}}
2026-01-08 00:45:34.739 xcodebuild[60491:11140251]  IDELogStore: Unable to remove item at path /Users/yuting/Library/Developer/Xcode/DerivedData/Force-ehyecirqdkseoabwmqkicteesxik/Logs/Launch/Run-Force-2026.01.07_23-49-00--0800.xcresult: Error Domain=NSCocoaErrorDomain Code=513 "“Run-Force-2026.01.07_23-49-00--0800.xcresult” couldn’t be removed because you don’t have permission to access it." UserInfo={NSUserStringVariant=(
    Remove
), NSFilePath=/Users/yuting/Library/Developer/Xcode/DerivedData/Force-ehyecirqdkseoabwmqkicteesxik/Logs/Launch/Run-Force-2026.01.07_23-49-00--0800.xcresult, NSURL=file:///Users/yuting/Library/Developer/Xcode/DerivedData/Force-ehyecirqdkseoabwmqkicteesxik/Logs/Launch/Run-Force-2026.01.07_23-49-00--0800.xcresult, NSUnderlyingError=0xa83ed2f70 {Error Domain=NSPOSIXErrorDomain Code=1 "Operation not permitted"}}
2026-01-08 00:45:34.740 xcodebuild[60491:11140251]  IDELogStore: Unable to remove item at path /Users/yuting/Library/Developer/Xcode/DerivedData/Force-ehyecirqdkseoabwmqkicteesxik/Logs/Launch/Run-Force-2026.01.07_23-45-58--0800.xcresult: Error Domain=NSCocoaErrorDomain Code=513 "“Run-Force-2026.01.07_23-45-58--0800.xcresult” couldn’t be removed because you don’t have permission to access it." UserInfo={NSUserStringVariant=(
    Remove
), NSFilePath=/Users/yuting/Library/Developer/Xcode/DerivedData/Force-ehyecirqdkseoabwmqkicteesxik/Logs/Launch/Run-Force-2026.01.07_23-45-58--0800.xcresult, NSURL=file:///Users/yuting/Library/Developer/Xcode/DerivedData/Force-ehyecirqdkseoabwmqkicteesxik/Logs/Launch/Run-Force-2026.01.07_23-45-58--0800.xcresult, NSUnderlyingError=0xa83ed3030 {Error Domain=NSPOSIXErrorDomain Code=1 "Operation not permitted"}}
2026-01-08 00:45:34.894 xcodebuild[60491:11140217] [MT] IDERunDestination: Supported platforms for the buildables in the current scheme is empty.
2026-01-08 00:46:35.007 xcodebuild[60491:11140217] Writing error result bundle to /var/folders/rf/w4xzn40j3xn5hftt10s0d5rh0000gn/T/ResultBundle_2026-08-01_00-46-0035.xcresult
xcodebuild: error: Unable to find a device matching the provided destination specifier:
		{ platform:iOS Simulator, OS:latest, name:iPhone 15 }

	The requested device could not be found because no available devices matched the request.

	Available destinations for the "Force" scheme:
		{ platform:iOS, id:dvtdevice-DVTiPhonePlaceholder-iphoneos:placeholder, name:Any iOS Device }
		{ platform:iOS Simulator, id:dvtdevice-DVTiOSDeviceSimulatorPlaceholder-iphonesimulator:placeholder, name:Any iOS Simulator Device }

	Ineligible destinations for the "Force" scheme:
		{ platform:macOS, arch:undefined_arch, variant:Designed for [iPad,iPhone], id:00008142-001805891147801C, name:My Mac, error:Xcode doesn’t support My Mac’s macOS 26.1 (25B78).  }
